
> ald-plastik@0.1.0 build
> next build

▲ Next.js 16.2.10 (Turbopack)
- Environments: .env

  Creating an optimized production build ...
✓ Compiled successfully in 3.0s
  Running TypeScript ...
  Finished TypeScript in 3.2s ...
  Collecting page data using 7 workers ...
  Generating static pages using 7 workers (0/2) ...
✓ Generating static pages using 7 workers (2/2) in 101ms
  Finalizing page optimization ...

Route (app)
┌ ƒ /
├ ƒ /_not-found
├ ƒ /api/auth/[...nextauth]
├ ƒ /fire
├ ƒ /hammaddeler
├ ƒ /hareketler
├ ƒ /is-takibi
├ ƒ /raporlar
├ ƒ /sevkiyat
├ ƒ /sevkiyat-girisi
├ ƒ /u/[token]/is-takibi
├ ƒ /u/[token]/sevkiyat
├ ƒ /u/[token]/uretim
├ ƒ /uretim
├ ƒ /urun-stok
└ ƒ /urunler


ƒ Proxy (Middleware)

ƒ  (Dynamic)  server-rendered on demand

